Input #0, mov,mp4,m4a,3gp,3g2,mj2, from '创作区/制漫剧/那妖魔是姜大人/合成/第2集/成片_第2集_zh.mp4':
  Metadata:
    major_brand     : isom
    minor_version   : 512
    compatible_brands: isomiso2avc1mp41
    encoder         : Lavf62.12.101
    comment         : 本内容由人工智能生成合成 / AI-generated synthetic content; label=AI生成; spec=GB45438-2025; service_provider=TODO: 服务提供者编码（GB 45438）; content_id=TODO: 内容制作编号
  Duration: 00:01:53.17, start: 0.000000, bitrate: 7035 kb/s
  Stream #0:0[0x1](und): Video: h264 (High) (avc1 / 0x31637661), yuv420p(progressive), 1080x1920 [SAR 4096:4095 DAR 256:455], 6834 kb/s, SAR 4213:4212 DAR 4213:7488, 30 fps, 30 tbr, 15360 tbn (default)
    Metadata:
      handler_name    : VideoHandler
      encoder         : Lavc62.28.101 libx264
  Stream #0:1[0x2](und): Audio: aac (LC) (mp4a / 0x6134706D), 44100 Hz, stereo, fltp, 192 kb/s (default)
    Metadata:
      handler_name    : SoundHandler
Stream mapping:
  Stream #0:1 -> #0:0 (aac (native) -> pcm_s16le (native))
Press [q] to stop, [?] for help
Output #0, null, to 'pipe:':
  Metadata:
    major_brand     : isom
    minor_version   : 512
    compatible_brands: isomiso2avc1mp41
    comment         : 本内容由人工智能生成合成 / AI-generated synthetic content; label=AI生成; spec=GB45438-2025; service_provider=TODO: 服务提供者编码（GB 45438）; content_id=TODO: 内容制作编号
    encoder         : Lavf62.12.101
  Stream #0:0(und): Audio: pcm_s16le, 192000 Hz, stereo, s16, 6144 kb/s (default)
    Metadata:
      encoder         : Lavc62.28.101 pcm_s16le
      handler_name    : SoundHandler
[Parsed_loudnorm_0 @ 0x703014b40] 
{
	"input_i" : "-13.60",
	"input_tp" : "-0.48",
	"input_lra" : "6.70",
	"input_thresh" : "-23.91",
	"output_i" : "-15.80",
	"output_tp" : "-1.47",
	"output_lra" : "4.10",
	"output_thresh" : "-26.02",
	"normalization_type" : "dynamic",
	"target_offset" : "-0.20"
}
[out#0/null @ 0x7030143c0] video:0KiB audio:84881KiB subtitle:0KiB other streams:0KiB global headers:0KiB muxing overhead: unknown
size=N/A time=00:01:53.20 bitrate=N/A speed=47.8x elapsed=0:00:02.36    
